// Vitest Snapshot v1, https://vitest.dev/guide/snapshot.html

exports[`Pagination > renders correctly 1`] = `"<div class="_pagination_e19fa2"><button class="_button-chevron_f3de84"><span data-testid="icon-chevron" class="_icon-chevron_f3de84"><svg viewBox="0 0 24 24" fill="none" xmlns="http://www.w3.org/2000/svg"><path d="M15.2803 7.28033C15.5732 6.98744 15.5732 6.51256 15.2803 6.21967C14.9874 5.92678 14.5126 5.92678 14.2197 6.21967L9.21967 11.2197C8.92678 11.5126 8.92678 11.9874 9.21967 12.2803L14.2197 17.2803C14.5126 17.5732 14.9874 17.5732 15.2803 17.2803C15.5732 16.9874 15.5732 16.5126 15.2803 16.2197L10.8107 11.75L15.2803 7.28033Z" fill="#131313"></path></svg></span></button><div class="_indicator_181dd7">Page 1 of 10</div><button class="_button-chevron_f3de84"><span data-testid="icon-chevron" class="_icon-chevron_f3de84"><svg viewBox="0 0 24 24" fill="none" xmlns="http://www.w3.org/2000/svg"><path d="M9.21967 16.2197C8.92678 16.5126 8.92678 16.9874 9.21967 17.2803C9.51256 17.5732 9.98744 17.5732 10.2803 17.2803L15.2803 12.2803C15.5732 11.9874 15.5732 11.5126 15.2803 11.2197L10.2803 6.21967C9.98744 5.92678 9.51256 5.92678 9.21967 6.21967C8.92678 6.51256 8.92678 6.98744 9.21967 7.28033L13.6893 11.75L9.21967 16.2197Z" fill="#131313"></path></svg></span></button></div>"`;
